{
  "Entries": [
    {
      "RequestUri": "/subscriptions/402177bc-c2ea-4a5d-98b3-7623eee7f0a1/resourceGroups/flowrg/providers/Microsoft.Logic/workflows/logicwf3462?api-version=2015-02-01-preview",
      "EncodedRequestUri": "L3N1YnNjcmlwdGlvbnMvNDAyMTc3YmMtYzJlYS00YTVkLTk4YjMtNzYyM2VlZTdmMGExL3Jlc291cmNlR3JvdXBzL2Zsb3dyZy9wcm92aWRlcnMvTWljcm9zb2Z0LkxvZ2ljL3dvcmtmbG93cy9sb2dpY3dmMzQ2Mj9hcGktdmVyc2lvbj0yMDE1LTAyLTAxLXByZXZpZXc=",
      "RequestMethod": "PUT",
      "RequestBody": "{\r\n  \"location\": \"westus\",\r\n  \"properties\": {\r\n    \"sku\": {\r\n      \"name\": \"Standard\",\r\n      \"plan\": {\r\n        \"id\": \"/subscriptions/402177bc-c2ea-4a5d-98b3-7623eee7f0a1/resourceGroups/Default-SQL-EastAsia/providers/Microsoft.Web/serverFarms/Plan\"\r\n      }\r\n    },\r\n    \"definition\": {\r\n      \"$schema\": \"http://schema.management.azure.com/providers/Microsoft.Logic/schemas/2014-12-01-preview/workflowdefinition.json#\",\r\n      \"contentVersion\": \"1.0.0.0\",\r\n      \"parameters\": {\r\n        \"runworkflowmanually\": {\r\n          \"defaultValue\": true,\r\n          \"type\": \"Bool\"\r\n        },\r\n        \"subscription\": {\r\n          \"defaultValue\": \"1a66ce04-b633-4a0b-b2bc-a912ec8986a6\",\r\n          \"type\": \"String\"\r\n        },\r\n        \"resourceGroup\": {\r\n          \"defaultValue\": \"logicapps-e2e\",\r\n          \"type\": \"String\"\r\n        },\r\n        \"authentication\": {\r\n          \"defaultValue\": {\r\n            \"type\": \"ActiveDirectoryOAuth\",\r\n            \"audience\": \"https://management.azure.com/\",\r\n            \"tenant\": \"72f988bf-86f1-41af-91ab-2d7cd011db47\",\r\n            \"clientId\": \"64011f29-3932-4168-b73d-adc835a56732\",\r\n            \"secret\": \"q8Wf7SwoM4iSVgaHZdghScLX8xDxMMUATWvRalclJjo=\"\r\n          },\r\n          \"type\": \"Object\"\r\n        }\r\n      },\r\n      \"triggers\": {},\r\n      \"actions\": {\r\n        \"listWorkflows\": {\r\n          \"type\": \"Http\",\r\n          \"inputs\": {\r\n            \"method\": \"GET\",\r\n            \"uri\": \"someUri\",\r\n            \"authentication\": \"@parameters('authentication')\"\r\n          },\r\n          \"conditions\": []\r\n        }\r\n      },\r\n      \"outputs\": {}\r\n    }\r\n  }\r\n}",
      "RequestHeaders": {
        "Content-Type": [
          "application/json; charset=utf-8"
        ],
        "Content-Length": [
          "1597"
        ],
        "x-ms-client-request-id": [
          "c0598c2c-3bf5-45b6-ba16-584197b043f9"
        ],
        "accept-language": [
          "en-US"
        ],
        "User-Agent": [
          "Microsoft.Azure.Management.Logic.LogicManagementClient/0.1.0.0"
        ]
      },
      "ResponseBody": "{\r\n  \"properties\": {\r\n    \"provisioningState\": \"Succeeded\",\r\n    \"createdTime\": \"2016-02-26T21:54:12.9366779Z\",\r\n    \"changedTime\": \"2016-02-26T21:54:12.9366779Z\",\r\n    \"state\": \"Enabled\",\r\n    \"version\": \"08587450832326439879\",\r\n    \"accessEndpoint\": \"https://westus.logic.azure.com:443/subscriptions/402177bc-c2ea-4a5d-98b3-7623eee7f0a1/resourcegroups/flowrg/providers/Microsoft.Logic/workflows/logicwf3462\",\r\n    \"sku\": {\r\n      \"name\": \"Standard\",\r\n      \"plan\": {\r\n        \"id\": \"/subscriptions/402177bc-c2ea-4a5d-98b3-7623eee7f0a1/resourceGroups/Default-SQL-EastAsia/providers/Microsoft.Web/serverFarms/Plan\",\r\n        \"type\": \"Microsoft.Web/ServerFarms\",\r\n        \"name\": \"Plan\"\r\n      }\r\n    },\r\n    \"definition\": {\r\n      \"$schema\": \"http://schema.management.azure.com/providers/Microsoft.Logic/schemas/2014-12-01-preview/workflowdefinition.json#\",\r\n      \"contentVersion\": \"1.0.0.0\",\r\n      \"parameters\": {\r\n        \"runworkflowmanually\": {\r\n          \"defaultValue\": true,\r\n          \"type\": \"Bool\"\r\n        },\r\n        \"subscription\": {\r\n          \"defaultValue\": \"1a66ce04-b633-4a0b-b2bc-a912ec8986a6\",\r\n          \"type\": \"String\"\r\n        },\r\n        \"resourceGroup\": {\r\n          \"defaultValue\": \"logicapps-e2e\",\r\n          \"type\": \"String\"\r\n        },\r\n        \"authentication\": {\r\n          \"defaultValue\": {\r\n            \"type\": \"ActiveDirectoryOAuth\",\r\n            \"audience\": \"https://management.azure.com/\",\r\n            \"tenant\": \"72f988bf-86f1-41af-91ab-2d7cd011db47\",\r\n            \"clientId\": \"64011f29-3932-4168-b73d-adc835a56732\",\r\n            \"secret\": \"q8Wf7SwoM4iSVgaHZdghScLX8xDxMMUATWvRalclJjo=\"\r\n          },\r\n          \"type\": \"Object\"\r\n        }\r\n      },\r\n      \"triggers\": {},\r\n      \"actions\": {\r\n        \"listWorkflows\": {\r\n          \"type\": \"Http\",\r\n          \"inputs\": {\r\n            \"method\": \"GET\",\r\n            \"uri\": \"someUri\",\r\n            \"authentication\": \"@parameters('authentication')\"\r\n          },\r\n          \"conditions\": []\r\n        }\r\n      },\r\n      \"outputs\": {}\r\n    },\r\n    \"parameters\": {}\r\n  },\r\n  \"id\": \"/subscriptions/402177bc-c2ea-4a5d-98b3-7623eee7f0a1/resourceGroups/flowrg/providers/Microsoft.Logic/workflows/logicwf3462\",\r\n  \"name\": \"logicwf3462\",\r\n  \"type\": \"Microsoft.Logic/workflows\",\r\n  \"location\": \"westus\"\r\n}",
      "ResponseHeaders": {
        "Content-Length": [
          "1654"
        ],
        "Content-Type": [
          "application/json; charset=utf-8"
        ],
        "Expires": [
          "-1"
        ],
        "Pragma": [
          "no-cache"
        ],
        "x-ms-request-id": [
          "westus:afe8ad67-0aa3-440f-bb88-6ccf70c0840c"
        ],
        "x-ms-ratelimit-remaining-subscription-writes": [
          "1199"
        ],
        "x-ms-correlation-request-id": [
          "2196a625-4d66-4026-b028-e1550d86b06b"
        ],
        "x-ms-routing-request-id": [
          "CENTRALUS:20160226T215426Z:2196a625-4d66-4026-b028-e1550d86b06b"
        ],
        "Strict-Transport-Security": [
          "max-age=31536000; includeSubDomains"
        ],
        "Cache-Control": [
          "no-cache"
        ],
        "Date": [
          "Fri, 26 Feb 2016 21:54:26 GMT"
        ]
      },
      "StatusCode": 201
    },
    {
      "RequestUri": "/subscriptions/402177bc-c2ea-4a5d-98b3-7623eee7f0a1/resourceGroups/flowrg/providers/Microsoft.Logic/workflows/logicwf3462/triggers/?api-version=2015-02-01-preview",
      "EncodedRequestUri": "L3N1YnNjcmlwdGlvbnMvNDAyMTc3YmMtYzJlYS00YTVkLTk4YjMtNzYyM2VlZTdmMGExL3Jlc291cmNlR3JvdXBzL2Zsb3dyZy9wcm92aWRlcnMvTWljcm9zb2Z0LkxvZ2ljL3dvcmtmbG93cy9sb2dpY3dmMzQ2Mi90cmlnZ2Vycy8/YXBpLXZlcnNpb249MjAxNS0wMi0wMS1wcmV2aWV3",
      "RequestMethod": "GET",
      "RequestBody": "",
      "RequestHeaders": {
        "x-ms-client-request-id": [
          "d302d5fe-7807-4796-9afa-e73b5d1f8321"
        ],
        "accept-language": [
          "en-US"
        ],
        "User-Agent": [
          "Microsoft.Azure.Management.Logic.LogicManagementClient/0.1.0.0"
        ]
      },
      "ResponseBody": "{\r\n  \"value\": []\r\n}",
      "ResponseHeaders": {
        "Content-Length": [
          "12"
        ],
        "Content-Type": [
          "application/json; charset=utf-8"
        ],
        "Expires": [
          "-1"
        ],
        "Pragma": [
          "no-cache"
        ],
        "Vary": [
          "Accept-Encoding"
        ],
        "x-ms-request-id": [
          "westus:9bbfdcb0-7231-4216-94be-c9ed6e0cb331"
        ],
        "x-ms-ratelimit-remaining-subscription-reads": [
          "14953"
        ],
        "x-ms-correlation-request-id": [
          "e520f44b-4483-45a7-ac5e-7c19cc989268"
        ],
        "x-ms-routing-request-id": [
          "CENTRALUS:20160226T215426Z:e520f44b-4483-45a7-ac5e-7c19cc989268"
        ],
        "Strict-Transport-Security": [
          "max-age=31536000; includeSubDomains"
        ],
        "Cache-Control": [
          "no-cache"
        ],
        "Date": [
          "Fri, 26 Feb 2016 21:54:26 GMT"
        ]
      },
      "StatusCode": 200
    },
    {
      "RequestUri": "/subscriptions/402177bc-c2ea-4a5d-98b3-7623eee7f0a1/resourceGroups/flowrg/providers/Microsoft.Logic/workflows/logicwf3462?api-version=2015-02-01-preview",
      "EncodedRequestUri": "L3N1YnNjcmlwdGlvbnMvNDAyMTc3YmMtYzJlYS00YTVkLTk4YjMtNzYyM2VlZTdmMGExL3Jlc291cmNlR3JvdXBzL2Zsb3dyZy9wcm92aWRlcnMvTWljcm9zb2Z0LkxvZ2ljL3dvcmtmbG93cy9sb2dpY3dmMzQ2Mj9hcGktdmVyc2lvbj0yMDE1LTAyLTAxLXByZXZpZXc=",
      "RequestMethod": "DELETE",
      "RequestBody": "",
      "RequestHeaders": {
        "x-ms-client-request-id": [
          "61814cdf-0a81-4fc4-95b7-398b86e6bb6e"
        ],
        "accept-language": [
          "en-US"
        ],
        "User-Agent": [
          "Microsoft.Azure.Management.Logic.LogicManagementClient/0.1.0.0"
        ]
      },
      "ResponseBody": "",
      "ResponseHeaders": {
        "Content-Length": [
          "0"
        ],
        "Expires": [
          "-1"
        ],
        "Pragma": [
          "no-cache"
        ],
        "x-ms-request-id": [
          "westus:e0b48c45-69c3-470a-a1f6-320a2b1660f4"
        ],
        "x-ms-ratelimit-remaining-subscription-writes": [
          "1198"
        ],
        "x-ms-correlation-request-id": [
          "7a1e38b7-77f7-4ed7-83cb-6297967e31a2"
        ],
        "x-ms-routing-request-id": [
          "CENTRALUS:20160226T215428Z:7a1e38b7-77f7-4ed7-83cb-6297967e31a2"
        ],
        "Strict-Transport-Security": [
          "max-age=31536000; includeSubDomains"
        ],
        "Cache-Control": [
          "no-cache"
        ],
        "Date": [
          "Fri, 26 Feb 2016 21:54:27 GMT"
        ]
      },
      "StatusCode": 200
    }
  ],
  "Names": {
    "ListNoTrigger": [
      "logicwf3462"
    ]
  },
  "Variables": {
    "SubscriptionId": "402177bc-c2ea-4a5d-98b3-7623eee7f0a1"
  }
}