{
  "Entries": [
    {
      "RequestUri": "/dab60df3-eb31-470e-9aa7-0bb580c2624c/users/testuser@mstestkeyvaultoutlook.onmicrosoft.com?api-version=1.42-previewInternal",
      "EncodedRequestUri": "L2RhYjYwZGYzLWViMzEtNDcwZS05YWE3LTBiYjU4MGMyNjI0Yy91c2Vycy90ZXN0dXNlckBtc3Rlc3RrZXl2YXVsdG91dGxvb2sub25taWNyb3NvZnQuY29tP2FwaS12ZXJzaW9uPTEuNDItcHJldmlld0ludGVybmFs",
      "RequestMethod": "GET",
      "RequestBody": "",
      "RequestHeaders": {
        "x-ms-client-request-id": [
          "6186f826-47ce-43d2-8836-a0c53df5c7b6"
        ],
        "accept-language": [
          "en-US"
        ],
        "User-Agent": [
          "Microsoft.Azure.Graph.RBAC.GraphRbacManagementClient/2.0.0.0"
        ]
      },
      "ResponseBody": "{\r\n  \"odata.metadata\": \"https://graph.windows.net/dab60df3-eb31-470e-9aa7-0bb580c2624c/$metadata#directoryObjects/Microsoft.WindowsAzure.ActiveDirectory.User/@Element\",\r\n  \"odata.type\": \"Microsoft.WindowsAzure.ActiveDirectory.User\",\r\n  \"objectType\": \"User\",\r\n  \"objectId\": \"8d3eb738-13c6-4117-aa01-b8aa50beba40\",\r\n  \"softDeletionTimestamp\": null,\r\n  \"acceptedAs\": null,\r\n  \"acceptedOn\": null,\r\n  \"accountEnabled\": true,\r\n  \"alternativeSecurityIds\": [],\r\n  \"appMetadata\": null,\r\n  \"assignedLicenses\": [],\r\n  \"assignedPlans\": [],\r\n  \"city\": null,\r\n  \"country\": null,\r\n  \"creationType\": null,\r\n  \"department\": null,\r\n  \"dirSyncEnabled\": null,\r\n  \"displayName\": \"Test User\",\r\n  \"extensionAttribute1\": null,\r\n  \"extensionAttribute2\": null,\r\n  \"extensionAttribute3\": null,\r\n  \"extensionAttribute4\": null,\r\n  \"extensionAttribute5\": null,\r\n  \"extensionAttribute6\": null,\r\n  \"extensionAttribute7\": null,\r\n  \"extensionAttribute8\": null,\r\n  \"extensionAttribute9\": null,\r\n  \"extensionAttribute10\": null,\r\n  \"extensionAttribute11\": null,\r\n  \"extensionAttribute12\": null,\r\n  \"extensionAttribute13\": null,\r\n  \"extensionAttribute14\": null,\r\n  \"extensionAttribute15\": null,\r\n  \"facsimileTelephoneNumber\": null,\r\n  \"givenName\": \"Test\",\r\n  \"immutableId\": null,\r\n  \"invitedOn\": null,\r\n  \"inviteReplyUrl\": [],\r\n  \"inviteResources\": [],\r\n  \"inviteTicket\": [],\r\n  \"isCompromised\": null,\r\n  \"jobTitle\": null,\r\n  \"jrnlAddress\": null,\r\n  \"lastDirSyncTime\": null,\r\n  \"logonIdentifiers\": [],\r\n  \"mail\": null,\r\n  \"mailNickname\": \"testuser\",\r\n  \"mobile\": null,\r\n  \"netId\": \"10033FFF933CA699\",\r\n  \"onPremiseSecurityIdentifier\": null,\r\n  \"otherMails\": [\r\n    \"karlaug@microsoft.com\"\r\n  ],\r\n  \"passwordPolicies\": \"None\",\r\n  \"passwordProfile\": null,\r\n  \"physicalDeliveryOfficeName\": null,\r\n  \"postalCode\": null,\r\n  \"preferredLanguage\": \"en-US\",\r\n  \"primarySMTPAddress\": null,\r\n  \"provisionedPlans\": [],\r\n  \"provisioningErrors\": [],\r\n  \"proxyAddresses\": [],\r\n  \"searchableDeviceKey\": [],\r\n  \"selfServePasswordResetData\": null,\r\n  \"signInName\": \"testuser@mstestkeyvaultoutlook.onmicrosoft.com\",\r\n  \"sipProxyAddress\": null,\r\n  \"smtpAddresses\": [],\r\n  \"state\": null,\r\n  \"streetAddress\": null,\r\n  \"surname\": \"User\",\r\n  \"telephoneNumber\": null,\r\n  \"usageLocation\": \"US\",\r\n  \"userPrincipalName\": \"testuser@mstestkeyvaultoutlook.onmicrosoft.com\",\r\n  \"userState\": null,\r\n  \"userStateChangedOn\": null,\r\n  \"userType\": \"Member\"\r\n}",
      "ResponseHeaders": {
        "Content-Length": [
          "2002"
        ],
        "Content-Type": [
          "application/json; odata=minimalmetadata; streaming=true; charset=utf-8"
        ],
        "Expires": [
          "-1"
        ],
        "Pragma": [
          "no-cache"
        ],
        "ocp-aad-diagnostics-server-name": [
          "EooG1jyWKcOTR0/iW/ufHN+jPlKw0a7XnYl1/cdk0aA="
        ],
        "request-id": [
          "f9c66468-16e8-461d-a869-919f6216bf09"
        ],
        "client-request-id": [
          "fb7a4e96-f6fb-4a7d-9925-007338b05074"
        ],
        "x-ms-dirapi-data-contract-version": [
          "1.42-previewInternal"
        ],
        "x-ms-gateway-rewrite": [
          "false"
        ],
        "ocp-aad-session-key": [
          "ExY6T1UaLT97HCs8z2GlAlVtGpW5gfioFYGtyBHHYH70wO7TbdMolQmMRgisChJ6mzY-GVNrNOVzTzhwqvUZ9IGquoJJ5DZhT7pDGi16z1JXX4fXzoocI_x8FGgHAVMV.8Uk2DNetdLpMM4PL8ATCTmjxxVpfDlCbqzIshSb_1zM"
        ],
        "X-Content-Type-Options": [
          "nosniff"
        ],
        "DataServiceVersion": [
          "3.0;"
        ],
        "Strict-Transport-Security": [
          "max-age=31536000; includeSubDomains"
        ],
        "Access-Control-Allow-Origin": [
          "*"
        ],
        "Duration": [
          "689695"
        ],
        "Cache-Control": [
          "no-cache"
        ],
        "Server": [
          "Microsoft-IIS/8.5"
        ],
        "X-AspNet-Version": [
          "4.0.30319"
        ],
        "X-Powered-By": [
          "ASP.NET",
          "ASP.NET"
        ],
        "Date": [
          "Thu, 21 Apr 2016 07:10:25 GMT"
        ]
      },
      "StatusCode": 200
    },
    {
      "RequestUri": "/subscriptions/4fbe2810-8ec4-4443-88f4-1d0a6a212d02/providers/Microsoft.KeyVault?api-version=2016-02-01",
      "EncodedRequestUri": "L3N1YnNjcmlwdGlvbnMvNGZiZTI4MTAtOGVjNC00NDQzLTg4ZjQtMWQwYTZhMjEyZDAyL3Byb3ZpZGVycy9NaWNyb3NvZnQuS2V5VmF1bHQ/YXBpLXZlcnNpb249MjAxNi0wMi0wMQ==",
      "RequestMethod": "GET",
      "RequestBody": "",
      "RequestHeaders": {
        "x-ms-client-request-id": [
          "4864e7aa-bdd8-4b70-a7da-d96968910bb8"
        ],
        "accept-language": [
          "en-US"
        ],
        "User-Agent": [
          "Microsoft.Azure.Management.Resources.ResourceManagementClient/3.0.0.0"
        ]
      },
      "ResponseBody": "{\r\n  \"id\": \"/subscriptions/4fbe2810-8ec4-4443-88f4-1d0a6a212d02/providers/Microsoft.KeyVault\",\r\n  \"namespace\": \"Microsoft.KeyVault\",\r\n  \"resourceTypes\": [\r\n    {\r\n      \"resourceType\": \"vaults\",\r\n      \"locations\": [\r\n        \"North Central US\",\r\n        \"East US\",\r\n        \"North Europe\",\r\n        \"West Europe\",\r\n        \"East Asia\",\r\n        \"Southeast Asia\",\r\n        \"East US 2\",\r\n        \"Central US\",\r\n        \"South Central US\",\r\n        \"West US\",\r\n        \"Japan East\",\r\n        \"Japan West\",\r\n        \"Brazil South\"\r\n      ],\r\n      \"apiVersions\": [\r\n        \"2015-06-01\"\r\n      ],\r\n      \"capabilities\": \"CrossResourceGroupResourceMove, CrossSubscriptionResourceMove\"\r\n    },\r\n    {\r\n      \"resourceType\": \"vaults/secrets\",\r\n      \"locations\": [\r\n        \"North Central US\",\r\n        \"East US\",\r\n        \"North Europe\",\r\n        \"West Europe\",\r\n        \"East Asia\",\r\n        \"Southeast Asia\",\r\n        \"East US 2\",\r\n        \"Central US\",\r\n        \"South Central US\",\r\n        \"West US\",\r\n        \"Japan East\",\r\n        \"Japan West\",\r\n        \"Brazil South\"\r\n      ],\r\n      \"apiVersions\": [\r\n        \"2015-06-01\"\r\n      ]\r\n    },\r\n    {\r\n      \"resourceType\": \"operations\",\r\n      \"locations\": [],\r\n      \"apiVersions\": [\r\n        \"2015-06-01\",\r\n        \"2014-12-19-preview\"\r\n      ]\r\n    }\r\n  ],\r\n  \"registrationState\": \"Registered\"\r\n}",
      "ResponseHeaders": {
        "Content-Length": [
          "857"
        ],
        "Content-Type": [
          "application/json; charset=utf-8"
        ],
        "Expires": [
          "-1"
        ],
        "Pragma": [
          "no-cache"
        ],
        "x-ms-ratelimit-remaining-subscription-reads": [
          "14999"
        ],
        "x-ms-request-id": [
          "ff018d5b-c16d-49e7-8a7e-ffa680ef1bfd"
        ],
        "x-ms-correlation-request-id": [
          "ff018d5b-c16d-49e7-8a7e-ffa680ef1bfd"
        ],
        "x-ms-routing-request-id": [
          "CENTRALUS:20160421T071027Z:ff018d5b-c16d-49e7-8a7e-ffa680ef1bfd"
        ],
        "Strict-Transport-Security": [
          "max-age=31536000; includeSubDomains"
        ],
        "Cache-Control": [
          "no-cache"
        ],
        "Date": [
          "Thu, 21 Apr 2016 07:10:26 GMT"
        ]
      },
      "StatusCode": 200
    },
    {
      "RequestUri": "/subscriptions/4fbe2810-8ec4-4443-88f4-1d0a6a212d02/resourcegroups/sdktestrg4114?api-version=2016-02-01",
      "EncodedRequestUri": "L3N1YnNjcmlwdGlvbnMvNGZiZTI4MTAtOGVjNC00NDQzLTg4ZjQtMWQwYTZhMjEyZDAyL3Jlc291cmNlZ3JvdXBzL3Nka3Rlc3RyZzQxMTQ/YXBpLXZlcnNpb249MjAxNi0wMi0wMQ==",
      "RequestMethod": "PUT",
      "RequestBody": "{\r\n  \"location\": \"North Central US\"\r\n}",
      "RequestHeaders": {
        "Content-Type": [
          "application/json; charset=utf-8"
        ],
        "Content-Length": [
          "38"
        ],
        "x-ms-client-request-id": [
          "b14869f0-9d73-4508-a7a5-4a4e5cd570e5"
        ],
        "accept-language": [
          "en-US"
        ],
        "User-Agent": [
          "Microsoft.Azure.Management.Resources.ResourceManagementClient/3.0.0.0"
        ]
      },
      "ResponseBody": "{\r\n  \"id\": \"/subscriptions/4fbe2810-8ec4-4443-88f4-1d0a6a212d02/resourceGroups/sdktestrg4114\",\r\n  \"name\": \"sdktestrg4114\",\r\n  \"location\": \"northcentralus\",\r\n  \"properties\": {\r\n    \"provisioningState\": \"Succeeded\"\r\n  }\r\n}",
      "ResponseHeaders": {
        "Content-Length": [
          "187"
        ],
        "Content-Type": [
          "application/json; charset=utf-8"
        ],
        "Expires": [
          "-1"
        ],
        "Pragma": [
          "no-cache"
        ],
        "x-ms-ratelimit-remaining-subscription-writes": [
          "1199"
        ],
        "x-ms-request-id": [
          "2d738606-7deb-441d-a9c1-a4fe95c532c7"
        ],
        "x-ms-correlation-request-id": [
          "2d738606-7deb-441d-a9c1-a4fe95c532c7"
        ],
        "x-ms-routing-request-id": [
          "CENTRALUS:20160421T071028Z:2d738606-7deb-441d-a9c1-a4fe95c532c7"
        ],
        "Strict-Transport-Security": [
          "max-age=31536000; includeSubDomains"
        ],
        "Cache-Control": [
          "no-cache"
        ],
        "Date": [
          "Thu, 21 Apr 2016 07:10:27 GMT"
        ]
      },
      "StatusCode": 201
    },
    {
      "RequestUri": "/subscriptions/4fbe2810-8ec4-4443-88f4-1d0a6a212d02/resourceGroups/sdktestrg4114/providers/Microsoft.KeyVault/vaults/sdktestvault2059?api-version=2015-06-01",
      "EncodedRequestUri": "L3N1YnNjcmlwdGlvbnMvNGZiZTI4MTAtOGVjNC00NDQzLTg4ZjQtMWQwYTZhMjEyZDAyL3Jlc291cmNlR3JvdXBzL3Nka3Rlc3RyZzQxMTQvcHJvdmlkZXJzL01pY3Jvc29mdC5LZXlWYXVsdC92YXVsdHMvc2RrdGVzdHZhdWx0MjA1OT9hcGktdmVyc2lvbj0yMDE1LTA2LTAx",
      "RequestMethod": "PUT",
      "RequestBody": "{\r\n  \"properties\": {\r\n    \"vaultUri\": \"\",\r\n    \"tenantId\": \"dab60df3-eb31-470e-9aa7-0bb580c2624c\",\r\n    \"sku\": {\r\n      \"family\": \"A\",\r\n      \"name\": \"Standard\"\r\n    },\r\n    \"accessPolicies\": [\r\n      {\r\n        \"tenantId\": \"dab60df3-eb31-470e-9aa7-0bb580c2624c\",\r\n        \"objectId\": \"8d3eb738-13c6-4117-aa01-b8aa50beba40\",\r\n        \"applicationId\": \"15b197fd-2d55-495e-8992-b68371cf07da\",\r\n        \"permissions\": {\r\n          \"keys\": [\r\n            \"all\"\r\n          ]\r\n        }\r\n      }\r\n    ],\r\n    \"enabledForDeployment\": true,\r\n    \"enabledForDiskEncryption\": true,\r\n    \"enabledForTemplateDeployment\": true\r\n  },\r\n  \"location\": \"North Central US\",\r\n  \"tags\": {\r\n    \"tag1\": \"value1\",\r\n    \"tag2\": \"value2\",\r\n    \"tag3\": \"value3\"\r\n  }\r\n}",
      "RequestHeaders": {
        "Content-Type": [
          "application/json; charset=utf-8"
        ],
        "Content-Length": [
          "743"
        ],
        "x-ms-client-request-id": [
          "8088d40d-4579-425c-906e-90694a560794"
        ],
        "accept-language": [
          "en-US"
        ],
        "User-Agent": [
          "Microsoft.Azure.Management.KeyVault.KeyVaultManagementClient/1.0.0.0"
        ]
      },
      "ResponseBody": "{\r\n  \"id\": \"/subscriptions/4fbe2810-8ec4-4443-88f4-1d0a6a212d02/resourceGroups/sdktestrg4114/providers/Microsoft.KeyVault/vaults/sdktestvault2059\",\r\n  \"name\": \"sdktestvault2059\",\r\n  \"type\": \"Microsoft.KeyVault/vaults\",\r\n  \"location\": \"North Central US\",\r\n  \"tags\": {\r\n    \"tag1\": \"value1\",\r\n    \"tag2\": \"value2\",\r\n    \"tag3\": \"value3\"\r\n  },\r\n  \"properties\": {\r\n    \"sku\": {\r\n      \"family\": \"A\",\r\n      \"name\": \"Standard\"\r\n    },\r\n    \"tenantId\": \"dab60df3-eb31-470e-9aa7-0bb580c2624c\",\r\n    \"accessPolicies\": [\r\n      {\r\n        \"tenantId\": \"dab60df3-eb31-470e-9aa7-0bb580c2624c\",\r\n        \"objectId\": \"8d3eb738-13c6-4117-aa01-b8aa50beba40\",\r\n        \"applicationId\": \"15b197fd-2d55-495e-8992-b68371cf07da\",\r\n        \"permissions\": {\r\n          \"keys\": [\r\n            \"all\"\r\n          ]\r\n        }\r\n      }\r\n    ],\r\n    \"enabledForDeployment\": true,\r\n    \"enabledForDiskEncryption\": true,\r\n    \"enabledForTemplateDeployment\": true,\r\n    \"vaultUri\": \"https://sdktestvault2059.vault.azure.net\"\r\n  }\r\n}",
      "ResponseHeaders": {
        "Content-Length": [
          "751"
        ],
        "Content-Type": [
          "application/json; charset=utf-8"
        ],
        "Expires": [
          "-1"
        ],
        "Pragma": [
          "no-cache"
        ],
        "Strict-Transport-Security": [
          "max-age=31536000; includeSubDomains"
        ],
        "x-ms-ratelimit-remaining-subscription-writes": [
          "1199"
        ],
        "x-ms-request-id": [
          "960dcfa2-0066-4c8f-b19f-6979c1685d98"
        ],
        "x-ms-correlation-request-id": [
          "960dcfa2-0066-4c8f-b19f-6979c1685d98"
        ],
        "x-ms-routing-request-id": [
          "CENTRALUS:20160421T071031Z:960dcfa2-0066-4c8f-b19f-6979c1685d98"
        ],
        "Cache-Control": [
          "no-cache"
        ],
        "Date": [
          "Thu, 21 Apr 2016 07:10:31 GMT"
        ],
        "Server": [
          "Microsoft-IIS/8.5"
        ],
        "X-AspNet-Version": [
          "4.0.30319"
        ],
        "X-Powered-By": [
          "ASP.NET"
        ]
      },
      "StatusCode": 200
    },
    {
      "RequestUri": "/subscriptions/4fbe2810-8ec4-4443-88f4-1d0a6a212d02/resourceGroups/sdktestrg4114/providers/Microsoft.KeyVault/vaults/sdktestvault2059?api-version=2015-06-01",
      "EncodedRequestUri": "L3N1YnNjcmlwdGlvbnMvNGZiZTI4MTAtOGVjNC00NDQzLTg4ZjQtMWQwYTZhMjEyZDAyL3Jlc291cmNlR3JvdXBzL3Nka3Rlc3RyZzQxMTQvcHJvdmlkZXJzL01pY3Jvc29mdC5LZXlWYXVsdC92YXVsdHMvc2RrdGVzdHZhdWx0MjA1OT9hcGktdmVyc2lvbj0yMDE1LTA2LTAx",
      "RequestMethod": "GET",
      "RequestBody": "",
      "RequestHeaders": {
        "x-ms-client-request-id": [
          "4262ead7-1484-4f26-8809-d2818b1d019b"
        ],
        "accept-language": [
          "en-US"
        ],
        "User-Agent": [
          "Microsoft.Azure.Management.KeyVault.KeyVaultManagementClient/1.0.0.0"
        ]
      },
      "ResponseBody": "{\r\n  \"id\": \"/subscriptions/4fbe2810-8ec4-4443-88f4-1d0a6a212d02/resourceGroups/sdktestrg4114/providers/Microsoft.KeyVault/vaults/sdktestvault2059\",\r\n  \"name\": \"sdktestvault2059\",\r\n  \"type\": \"Microsoft.KeyVault/vaults\",\r\n  \"location\": \"North Central US\",\r\n  \"tags\": {\r\n    \"tag1\": \"value1\",\r\n    \"tag2\": \"value2\",\r\n    \"tag3\": \"value3\"\r\n  },\r\n  \"properties\": {\r\n    \"sku\": {\r\n      \"family\": \"A\",\r\n      \"name\": \"Standard\"\r\n    },\r\n    \"tenantId\": \"dab60df3-eb31-470e-9aa7-0bb580c2624c\",\r\n    \"accessPolicies\": [\r\n      {\r\n        \"tenantId\": \"dab60df3-eb31-470e-9aa7-0bb580c2624c\",\r\n        \"objectId\": \"8d3eb738-13c6-4117-aa01-b8aa50beba40\",\r\n        \"applicationId\": \"15b197fd-2d55-495e-8992-b68371cf07da\",\r\n        \"permissions\": {\r\n          \"keys\": [\r\n            \"all\"\r\n          ]\r\n        }\r\n      }\r\n    ],\r\n    \"enabledForDeployment\": true,\r\n    \"enabledForDiskEncryption\": true,\r\n    \"enabledForTemplateDeployment\": true,\r\n    \"vaultUri\": \"https://sdktestvault2059.vault.azure.net/\"\r\n  }\r\n}",
      "ResponseHeaders": {
        "Content-Length": [
          "752"
        ],
        "Content-Type": [
          "application/json; charset=utf-8"
        ],
        "Expires": [
          "-1"
        ],
        "Pragma": [
          "no-cache"
        ],
        "Strict-Transport-Security": [
          "max-age=31536000; includeSubDomains"
        ],
        "x-ms-ratelimit-remaining-subscription-reads": [
          "14999"
        ],
        "x-ms-request-id": [
          "374c366c-b6c6-4f9d-945b-ea25e7916691"
        ],
        "x-ms-correlation-request-id": [
          "374c366c-b6c6-4f9d-945b-ea25e7916691"
        ],
        "x-ms-routing-request-id": [
          "CENTRALUS:20160421T071031Z:374c366c-b6c6-4f9d-945b-ea25e7916691"
        ],
        "Cache-Control": [
          "no-cache"
        ],
        "Date": [
          "Thu, 21 Apr 2016 07:10:31 GMT"
        ],
        "Server": [
          "Microsoft-IIS/8.5"
        ],
        "X-AspNet-Version": [
          "4.0.30319"
        ],
        "X-Powered-By": [
          "ASP.NET"
        ]
      },
      "StatusCode": 200
    },
    {
      "RequestUri": "/subscriptions/4fbe2810-8ec4-4443-88f4-1d0a6a212d02/resourceGroups/sdktestrg4114/providers/Microsoft.KeyVault/vaults/sdktestvault2059?api-version=2015-06-01",
      "EncodedRequestUri": "L3N1YnNjcmlwdGlvbnMvNGZiZTI4MTAtOGVjNC00NDQzLTg4ZjQtMWQwYTZhMjEyZDAyL3Jlc291cmNlR3JvdXBzL3Nka3Rlc3RyZzQxMTQvcHJvdmlkZXJzL01pY3Jvc29mdC5LZXlWYXVsdC92YXVsdHMvc2RrdGVzdHZhdWx0MjA1OT9hcGktdmVyc2lvbj0yMDE1LTA2LTAx",
      "RequestMethod": "GET",
      "RequestBody": "",
      "RequestHeaders": {
        "x-ms-client-request-id": [
          "c03132ac-8b32-4e38-8277-69e917a1d9ac"
        ],
        "accept-language": [
          "en-US"
        ],
        "User-Agent": [
          "Microsoft.Azure.Management.KeyVault.KeyVaultManagementClient/1.0.0.0"
        ]
      },
      "ResponseBody": "{\r\n  \"error\": {\r\n    \"code\": \"ResourceNotFound\",\r\n    \"message\": \"The Resource 'Microsoft.KeyVault/vaults/sdktestvault2059' under resource group 'sdktestrg4114' was not found.\"\r\n  }\r\n}",
      "ResponseHeaders": {
        "Content-Length": [
          "159"
        ],
        "Content-Type": [
          "application/json; charset=utf-8"
        ],
        "Expires": [
          "-1"
        ],
        "Pragma": [
          "no-cache"
        ],
        "x-ms-failure-cause": [
          "gateway"
        ],
        "x-ms-request-id": [
          "fe91e5a9-ac52-4a32-9b7d-77b0692fed15"
        ],
        "x-ms-correlation-request-id": [
          "fe91e5a9-ac52-4a32-9b7d-77b0692fed15"
        ],
        "x-ms-routing-request-id": [
          "CENTRALUS:20160421T071033Z:fe91e5a9-ac52-4a32-9b7d-77b0692fed15"
        ],
        "Strict-Transport-Security": [
          "max-age=31536000; includeSubDomains"
        ],
        "Cache-Control": [
          "no-cache"
        ],
        "Date": [
          "Thu, 21 Apr 2016 07:10:32 GMT"
        ]
      },
      "StatusCode": 404
    },
    {
      "RequestUri": "/subscriptions/4fbe2810-8ec4-4443-88f4-1d0a6a212d02/resourceGroups/sdktestrg4114/providers/Microsoft.KeyVault/vaults/sdktestvault2059?api-version=2015-06-01",
      "EncodedRequestUri": "L3N1YnNjcmlwdGlvbnMvNGZiZTI4MTAtOGVjNC00NDQzLTg4ZjQtMWQwYTZhMjEyZDAyL3Jlc291cmNlR3JvdXBzL3Nka3Rlc3RyZzQxMTQvcHJvdmlkZXJzL01pY3Jvc29mdC5LZXlWYXVsdC92YXVsdHMvc2RrdGVzdHZhdWx0MjA1OT9hcGktdmVyc2lvbj0yMDE1LTA2LTAx",
      "RequestMethod": "DELETE",
      "RequestBody": "",
      "RequestHeaders": {
        "x-ms-client-request-id": [
          "dbbd3bc5-782c-4625-b7d5-b17fca4674ee"
        ],
        "accept-language": [
          "en-US"
        ],
        "User-Agent": [
          "Microsoft.Azure.Management.KeyVault.KeyVaultManagementClient/1.0.0.0"
        ]
      },
      "ResponseBody": "",
      "ResponseHeaders": {
        "Content-Length": [
          "0"
        ],
        "Expires": [
          "-1"
        ],
        "Pragma": [
          "no-cache"
        ],
        "Strict-Transport-Security": [
          "max-age=31536000; includeSubDomains"
        ],
        "x-ms-ratelimit-remaining-subscription-writes": [
          "1198"
        ],
        "x-ms-request-id": [
          "ab31db6c-9b8e-467f-a2e2-86c97808de4d"
        ],
        "x-ms-correlation-request-id": [
          "ab31db6c-9b8e-467f-a2e2-86c97808de4d"
        ],
        "x-ms-routing-request-id": [
          "CENTRALUS:20160421T071033Z:ab31db6c-9b8e-467f-a2e2-86c97808de4d"
        ],
        "Cache-Control": [
          "no-cache"
        ],
        "Date": [
          "Thu, 21 Apr 2016 07:10:32 GMT"
        ],
        "Server": [
          "Microsoft-IIS/8.5"
        ],
        "X-AspNet-Version": [
          "4.0.30319"
        ],
        "X-Powered-By": [
          "ASP.NET"
        ]
      },
      "StatusCode": 200
    }
  ],
  "Names": {
    "KeyVaultManagementVaultTestCompoundIdentityAccessControlPolicy": [
      "sdktestrg4114",
      "sdktestvault2059"
    ]
  },
  "Variables": {
    "SubscriptionId": "4fbe2810-8ec4-4443-88f4-1d0a6a212d02",
    "TenantId": "dab60df3-eb31-470e-9aa7-0bb580c2624c",
    "ObjectId": "8d3eb738-13c6-4117-aa01-b8aa50beba40",
    "SubId": "4fbe2810-8ec4-4443-88f4-1d0a6a212d02",
    "ApplicationId": "15b197fd-2d55-495e-8992-b68371cf07da"
  }
}